✅ Refreshed known_arxiv_ids.txt: 1902 IDs
[scout] DATE WINDOW (CST): 2026-08-03 → 2026-08-04  (days_back=1)
[scout] accepting YYMM prefixes: ['2608']
[scout] architecture: RSS-primary + API-verify + S2-crosscheck
[scout] known IDs to skip: 1902

[scout] === Phase 1: RSS feeds (3 categories) ===
[scout/rss] cs.CL: 110 total items, 12 OPD-keyword matches
[scout/rss] cs.LG: 247 total items, 22 OPD-keyword matches
[scout/rss] cs.AI: 261 total items, 26 OPD-keyword matches
[scout/rss] total unique candidates: 45

[scout] === Phase 2: S2 cross-check (4 queries) ===
[scout/s2] 429, retry in 5s...
[scout/s2] 429, retry in 5s...
[scout/s2] 429, retry in 5s...
[scout/s2] 429, retry in 5s...
[scout/s2] added 0 papers not found in RSS

[scout] combined unique: 45 (RSS: 45, S2-extra: 0)
[scout] ⚠️ 45 rejected by DATE WINDOW: ['2607.28638', '2607.28639', '2607.28680', '2607.28814', '2607.29125', '2607.29185', '2607.29196', '2607.29287', '2607.28692', '2607.28986']

[scout] === Phase 3: no S2-sourced papers to verify ===

[scout] ✅ 0 new candidates for deep-read
[scout] wrote /tmp/scout_arxiv_results.json

## Scout Summary: 0 new in-window candidates

(no new OPD-relevant candidates today)
