✅ Refreshed known_arxiv_ids.txt: 336 IDs
[scout] DATE WINDOW (CST): 2026-06-22 → 2026-06-23  (days_back=1)
[scout] accepting YYMM prefixes: ['2606']
[scout] architecture: RSS-primary + API-verify + S2-crosscheck
[scout] known IDs to skip: 336

[scout] === Phase 1: RSS feeds (3 categories) ===
[scout/rss] cs.CL: 0 total items, 0 OPD-keyword matches
[scout/rss] cs.LG: 0 total items, 0 OPD-keyword matches
[scout/rss] cs.AI: 0 total items, 0 OPD-keyword matches
[scout/rss] total unique candidates: 0

[scout] === Phase 2: S2 cross-check (4 queries) ===
[scout/s2] 429, retry in 5s...
[scout/s2] 429, retry in 5s...
[scout/s2] 429, retry in 5s...
[scout/s2] 429, retry in 5s...
[scout/s2] added 0 papers not found in RSS

[scout] combined unique: 0 (RSS: 0, S2-extra: 0)

[scout] === Phase 3: no S2-sourced papers to verify ===

[scout] ✅ 0 new candidates for deep-read
[scout] wrote /tmp/scout_arxiv_results.json

## Scout Summary: 0 new in-window candidates

(no new OPD-relevant candidates today)
